---
source: runtime/src/lib.rs
expression: "&interpreter"
---
vm:
  heap:
    objects:
      - address: 0
        type: Array
        class: "[C"
        elements: []
      - address: 1
        type: Instance
        value:
          class: java/lang/String
          fields:
            - Array: 0
            - Integer: 0
            - Integer: 0
            - Integer: 0
      - address: 2
        type: Instance
        value:
          class: java/lang/Class
          fields:
            - Object: ~
            - Object: ~
            - Object: ~
            - Object: ~
            - Object: ~
            - Array: ~
            - Object: ~
            - Object: ~
            - Object: ~
            - Integer: 0
            - Object: ~
            - Array: ~
            - Object: ~
            - Object: ~
            - Object: ~
            - Object: ~
    string_pool:
      - string: ""
        address: 1
last_pop_frame:
  locals:
    - ~
    - Object: 2
    - Integer: 0
  operands: []
  pc: 12
