---
source: runtime/src/lib.rs
expression: "&interpreter"
---
frame_stack:
  max_size: 256
  max_operand_stack_size: 256
  frames: []
vm:
  heap:
    objects:
      - address: 0
        type: Instance
        value:
          class: java/lang/Class
          fields:
            - Object: ~
            - Object: ~
            - Object: ~
            - Object: ~
            - Object: ~
            - Array: ~
            - Object: ~
            - Object: ~
            - Object: ~
            - Integer: 0
            - Object: ~
            - Array: ~
            - Object: ~
            - Object: ~
            - Object: ~
            - Object: ~
      - address: 1
        type: Instance
        value:
          class: java/lang/Class
          fields:
            - Object: ~
            - Object: ~
            - Object: ~
            - Object: ~
            - Object: ~
            - Array: ~
            - Object: ~
            - Object: ~
            - Object: ~
            - Integer: 0
            - Object: ~
            - Array: ~
            - Object: ~
            - Object: ~
            - Object: ~
            - Object: ~
      - address: 2
        type: Instance
        value:
          class: abstracts/basic_abstract/BasicAbstractMain$Cat
          fields: []
      - address: 3
        type: Instance
        value:
          class: abstracts/basic_abstract/BasicAbstractMain$Cat
          fields: []
      - address: 4
        type: String
        value: Meow
    string_pool:
      - string: Meow
        address: 4
last_pop_frame:
  locals:
    - ~
    - Object: 2
    - Object: 3
    - Object: 4
    - Object: 4
  operands: []
  pc: 28
