---
source: runtime/src/lib.rs
expression: "&interpreter"
---
vm:
  heap:
    objects:
      - address: 0
        type: Array
        class: 5
        elements:
          - Integer: 0
          - Integer: 0
          - Integer: 0
          - Integer: 0
          - Integer: 0
      - address: 1
        type: Array
        class: 6
        elements:
          - Float: 0
          - Float: 0
          - Float: 0
          - Float: 0
          - Float: 0
    string_pool: []
last_pop_frame:
  locals:
    - ~
    - Ref: 0
    - Ref: 1
  operands: []
  pc: 9
