---
source: vm/tests/integration_test.rs
expression: combined
---
----- STDOUT -----
Caught!
----- STDERR -----
java.lang.IllegalArgumentException: Exception from constructor
	at exceptions.handling.constructor_exception.ConstructorExceptionOkMain$Foo.<init>(ConstructorExceptionOkMain.java:6)
	at exceptions.handling.constructor_exception.ConstructorExceptionOkMain.main(ConstructorExceptionOkMain.java:11)
