---
source: vm/tests/integration_test.rs
expression: "&combined"
---
----- STDOUT -----
In try
----- STDERR -----
Exception in thread "main" java.lang.NullPointerException: Exception outside try
	at exceptions.propagation.uncaught.UncaughtErrMain.throwException(UncaughtErrMain.java:5)
	at exceptions.propagation.uncaught.UncaughtErrMain.main(UncaughtErrMain.java:14)
