---
source: vm/tests/integration_test.rs
expression: "&combined"
---
----- STDOUT -----

----- STDERR -----
Exception in thread "main" java.lang.ArrayStoreException: arraycopy: destination type java.lang.Object is not an array
	at java.lang.System.arraycopy(Native Method)
	at natives.system.arraycopy.non_array_dest.NonArrayDestErrMain.main(NonArrayDestErrMain.java:8)
